# @generated
# To regenerate, run:
# ```
# STARLARK_RUST_REGENERATE_GOLDEN_TESTS=1 cargo test -p starlark --lib
# ```

Program:
load("foo", "x", "y")
print("test")

Removed unused loads:

print("test")
