# @generated
# To regenerate, run:
# ```
# STARLARK_RUST_REGENERATE_GOLDEN_TESTS=1 cargo test -p starlark --lib
# ```

Program:
load("foo", "x")

Unused loads:

error: Unused load
 --> simple:1:1
  |
1 | load("foo", "x")
  | ^^^^^^^^^^^^^^^^
  |
