# @generated
# To regenerate, run:
# ```
# STARLARK_RUST_REGENERATE_GOLDEN_TESTS=1 cargo test -p starlark --lib
# ```

Program:
load("foo", "T")
load("bar", "U")

y: T = 1

def f(x: U):
    pass

No unused loads
