# @generated
# To regenerate, run:
# ```
# STARLARK_RUST_REGENERATE_GOLDEN_TESTS=1 cargo test -p starlark --lib
# ```

Program:
a \
b

Tokens:
identifier 'a'  # a
identifier 'b'  # b
new line        #
