# @generated
# To regenerate, run:
# ```
# STARLARK_RUST_REGENERATE_GOLDEN_TESTS=1 cargo test -p starlark --lib
# ```

def test(x): return False or x

# Bytecode:

Max stack size: 0
Instructions:
  0: Return &x
  8: End
