# @generated
# To regenerate, run:
# ```
# STARLARK_RUST_REGENERATE_GOLDEN_TESTS=1 cargo test -p starlark --lib
# ```

def test(): return [x for x in []]

# Bytecode:

Max stack size: 1
Instructions:
  0: ListNew ->&1
  8: Return &1
  16: End
