# @generated
# To regenerate, run:
# ```
# STARLARK_RUST_REGENERATE_GOLDEN_TESTS=1 cargo test -p starlark --lib
# ```

Code:
def foo(x: [typing.Callable, str], y: [str, typing.Callable]):
    x()
    y()

No errors.

Compiler typechecker (eval):
No errors.
