# @generated
# To regenerate, run:
# ```
# STARLARK_RUST_REGENERATE_GOLDEN_TESTS=1 cargo test -p starlark --lib
# ```

Code:
def foo(x: list) -> bool:
    return type(x) == type(list)

def bar():
    foo([1,2,3])

No errors.

Compiler typechecker (eval):
No errors.
