# @generated
# To regenerate, run:
# ```
# STARLARK_RUST_REGENERATE_GOLDEN_TESTS=1 cargo test -p starlark --lib
# ```

Code:
def test():
    fail("Expected variable expansion in string: `{}`".format("x"))

No errors.

Compiler typechecker (eval):
No errors.
