# @generated
# To regenerate, run:
# ```
# STARLARK_RUST_REGENERATE_GOLDEN_TESTS=1 cargo test -p starlark --lib
# ```

Code:
def test():
    x = 1 + 1.0

No errors.

Types:
x: float

Compiler typechecker (eval):
No errors.
