# @generated
# To regenerate, run:
# ```
# STARLARK_RUST_REGENERATE_GOLDEN_TESTS=1 cargo test -p starlark --lib
# ```

Code:
def test():
    x = list([1, 2])

No errors.

Types:
x: list[int]

Compiler typechecker (eval):
No errors.
