# @generated
# To regenerate, run:
# ```
# STARLARK_RUST_REGENERATE_GOLDEN_TESTS=1 cargo test -p starlark --lib
# ```

Code:
def test(x: list[str], y: list[str]) -> bool:
    return x < y

No errors.

Compiler typechecker (eval):
No errors.
