# @generated
# To regenerate, run:
# ```
# STARLARK_RUST_REGENERATE_GOLDEN_TESTS=1 cargo test -p starlark --lib
# ```

Code:
def test(s: str):
    x = s.startswith("a")

No errors.

Types:
x: bool

Compiler typechecker (eval):
No errors.
