# @generated
# To regenerate, run:
# ```
# STARLARK_RUST_REGENERATE_GOLDEN_TESTS=1 cargo test -p starlark --lib
# ```

Code:
def foo(x: typing.Never):
    y = x(1)

No errors.

Types:
y: typing.Never

Compiler typechecker (eval):
No errors.
