# @generated
# To regenerate, run:
# ```
# STARLARK_RUST_REGENERATE_GOLDEN_TESTS=1 cargo test -p starlark --lib
# ```

Code:
def foo(x: str) -> str:
    return x.removeprefix("test")

def bar():
    y = hash(foo("magic"))

No errors.

Types:
y: int

Compiler typechecker (eval):
No errors.
