# @generated
# To regenerate, run:
# ```
# STARLARK_RUST_REGENERATE_GOLDEN_TESTS=1 cargo test -p starlark --lib
# ```

Code:
def empty_tuple_fixed_name() -> (): return tuple()
def empty_tuple_name_fixed() -> tuple: return ()

No errors.

Compiler typechecker (eval):
No errors.
