# @generated
# To regenerate, run:
# ```
# STARLARK_RUST_REGENERATE_GOLDEN_TESTS=1 cargo test -p starlark --lib
# ```

Code:
MyList = list[int]

def f(x: MyList):
    pass

No errors.

Types:
x: list[int]

Compiler typechecker (eval):
No errors.
