# @generated
# To regenerate, run:
# ```
# STARLARK_RUST_REGENERATE_GOLDEN_TESTS=1 cargo test -p starlark --lib
# ```

Code:
def test():
    x = zip([1,2], [True, False], ["a", "b"])

No errors.

Types:
x: list[(int, bool, str)]

Compiler typechecker (eval):
No errors.
